// Jest Snapshot v1, https://goo.gl/fbAQLP

exports[`should get a single container 1`] = `
Object {
  "b1": B1 {
    "a2": A2 {
      "a1": A1 {},
    },
  },
  "b2": B2 {
    "a1": A1 {},
  },
}
`;
